[     120ms] [LOG] [Fast Refresh] rebuilding @ http://localhost:3000/_next/static/chunks/node_modules_next_dist_115brz8._.js:2431
[     244ms] [LOG] [Fast Refresh] done in 233ms @ http://localhost:3000/_next/static/chunks/node_modules_next_dist_115brz8._.js:2431
[     282ms] [ERROR] Connecting to 'https://www.google.com/g/collect?v=2&tid=G-GS5SNWNKMT&gtm=45je65d0v893881792za20gzb893876612zd893876612&_p=1778804730275&gcd=13l3l3l3l1l1&npa=0&dma=0&_eu=AAAAAAQ&are=1&cid=1115940143.1778804731&frm=0&pscdl=noapi&rcb=17&sr=1280x720&uaa=x86&uab=64&uafvl=Chromium%3B148.0.7778.97%7CGoogle%2520Chrome%3B148.0.7778.97%7CNot%252FA%29Brand%3B99.0.0.0&uam=&uamb=0&uap=Windows&uapv=19.0.0&uaw=0&ul=pt-br&_s=2&tag_exp=0%7E115938465%7E115938468%7E118012008&sid=1778804730&sct=1&seg=1&dl=http%3A%2F%2Flocalhost%2Fblog%2Fia-para-pequenas-empresas&dt=IA+para+Pequenas+Empresas%3A+Guia+Completo+2026+%E2%80%94+RC2+Solu%C3%A7%C3%B5es&en=user_engagement&_et=131114&tfd=132250&gaf=1' violates the following Content Security Policy directive: "connect-src 'self' https://*.supabase.co https://challenges.cloudflare.com https://www.googletagmanager.com https://www.google-analytics.com https://places.googleapis.com". The action has been blocked. @ https://www.googletagmanager.com/gtag/js?id=G-GS5SNWNKMT&cx=c&gtm=4e65d0:230
[     282ms] [ERROR] Fetch API cannot load https://www.google.com/g/collect?v=2&tid=G-GS5SNWNKMT&gtm=45je65d0v893881792za20gzb893876612zd893876612&_p=1778804730275&gcd=13l3l3l3l1l1&npa=0&dma=0&_eu=AAAAAAQ&are=1&cid=1115940143.1778804731&frm=0&pscdl=noapi&rcb=17&sr=1280x720&uaa=x86&uab=64&uafvl=Chromium%3B148.0.7778.97%7CGoogle%2520Chrome%3B148.0.7778.97%7CNot%252FA%29Brand%3B99.0.0.0&uam=&uamb=0&uap=Windows&uapv=19.0.0&uaw=0&ul=pt-br&_s=2&tag_exp=0%7E115938465%7E115938468%7E118012008&sid=1778804730&sct=1&seg=1&dl=http%3A%2F%2Flocalhost%2Fblog%2Fia-para-pequenas-empresas&dt=IA+para+Pequenas+Empresas%3A+Guia+Completo+2026+%E2%80%94+RC2+Solu%C3%A7%C3%B5es&en=user_engagement&_et=131114&tfd=132250&gaf=1. Refused to connect because it violates the document's Content Security Policy. @ https://www.googletagmanager.com/gtag/js?id=G-GS5SNWNKMT&cx=c&gtm=4e65d0:230
[     400ms] [INFO] %cDownload the React DevTools for a better development experience: https://react.dev/link/react-devtools font-weight:bold @ http://localhost:3000/_next/static/chunks/node_modules_next_dist_115brz8._.js:2431
[     420ms] [LOG] [HMR] connected @ http://localhost:3000/_next/static/chunks/node_modules_next_dist_115brz8._.js:2431
[     454ms] [WARNING] Image with src "/images/logo-base.png" has either width or height modified, but not the other. If you use CSS to change the size of your image, also include the styles 'width: "auto"' or 'height: "auto"' to maintain the aspect ratio. @ http://localhost:3000/_next/static/chunks/node_modules_next_dist_115brz8._.js:2431
[     454ms] [WARNING] Image with src "/images/logo-base-transparente.png" has either width or height modified, but not the other. If you use CSS to change the size of your image, also include the styles 'width: "auto"' or 'height: "auto"' to maintain the aspect ratio. @ http://localhost:3000/_next/static/chunks/node_modules_next_dist_115brz8._.js:2431
[     492ms] [LOG] %c%s%c [TOC DEBUG] background: #e6e6e6;background: light-dark(rgba(0,0,0,0.1), rgba(255,255,255,0.25));color: #000000;color: light-dark(#000000, #ffffff);border-radius: 2px  Server   {slug: ia-para-pequenas-empresas, showNavigation: true, tocHeadings: Array(8)} @ http://localhost:3000/_next/static/chunks/node_modules_next_dist_115brz8._.js:2431
[   23753ms] [LOG] [Fast Refresh] rebuilding @ http://localhost:3000/_next/static/chunks/node_modules_next_dist_115brz8._.js:2431
[   24039ms] [LOG] [Fast Refresh] done in 325ms @ http://localhost:3000/_next/static/chunks/node_modules_next_dist_115brz8._.js:2431
[   24151ms] [LOG] [Fast Refresh] rebuilding @ http://localhost:3000/_next/static/chunks/node_modules_next_dist_115brz8._.js:2431
[   24502ms] [LOG] [Fast Refresh] done in 458ms @ http://localhost:3000/_next/static/chunks/node_modules_next_dist_115brz8._.js:2431
[   24612ms] [LOG] [Fast Refresh] rebuilding @ http://localhost:3000/_next/static/chunks/node_modules_next_dist_115brz8._.js:2431
[   24616ms] [LOG] [Fast Refresh] done in 106ms @ http://localhost:3000/_next/static/chunks/node_modules_next_dist_115brz8._.js:2431
[   24717ms] [LOG] [Fast Refresh] rebuilding @ http://localhost:3000/_next/static/chunks/node_modules_next_dist_115brz8._.js:2431
[   24726ms] [LOG] [Fast Refresh] done in 110ms @ http://localhost:3000/_next/static/chunks/node_modules_next_dist_115brz8._.js:2431
[ 1717440ms] [LOG] [Fast Refresh] rebuilding @ http://localhost:3000/_next/static/chunks/node_modules_next_dist_115brz8._.js:2431
[ 1717661ms] [LOG] [Fast Refresh] done in 322ms @ http://localhost:3000/_next/static/chunks/node_modules_next_dist_115brz8._.js:2431
[ 1717769ms] [LOG] [Fast Refresh] rebuilding @ http://localhost:3000/_next/static/chunks/node_modules_next_dist_115brz8._.js:2431
[ 1718193ms] [LOG] [Fast Refresh] done in 531ms @ http://localhost:3000/_next/static/chunks/node_modules_next_dist_115brz8._.js:2431
[ 1718294ms] [LOG] [Fast Refresh] rebuilding @ http://localhost:3000/_next/static/chunks/node_modules_next_dist_115brz8._.js:2431
[ 1718321ms] [LOG] [Fast Refresh] done in 126ms @ http://localhost:3000/_next/static/chunks/node_modules_next_dist_115brz8._.js:2431
[ 1728287ms] [LOG] [Fast Refresh] rebuilding @ http://localhost:3000/_next/static/chunks/node_modules_next_dist_115brz8._.js:2431
[ 1728290ms] [LOG] [Fast Refresh] done in 55ms @ http://localhost:3000/_next/static/chunks/node_modules_next_dist_115brz8._.js:2431
[ 1728398ms] [LOG] [Fast Refresh] rebuilding @ http://localhost:3000/_next/static/chunks/node_modules_next_dist_115brz8._.js:2431
[ 1728569ms] [LOG] [Fast Refresh] done in 262ms @ http://localhost:3000/_next/static/chunks/node_modules_next_dist_115brz8._.js:2431
[ 1728681ms] [LOG] [Fast Refresh] rebuilding @ http://localhost:3000/_next/static/chunks/node_modules_next_dist_115brz8._.js:2431
[ 1728990ms] [LOG] [Fast Refresh] done in 415ms @ http://localhost:3000/_next/static/chunks/node_modules_next_dist_115brz8._.js:2431
[ 1729197ms] [LOG] [Fast Refresh] rebuilding @ http://localhost:3000/_next/static/chunks/node_modules_next_dist_115brz8._.js:2431
[ 1729274ms] [LOG] [Fast Refresh] done in 178ms @ http://localhost:3000/_next/static/chunks/node_modules_next_dist_115brz8._.js:2431
